---
source: crates/oxc_linter/src/tester.rs
---

  ⚠ angular(use-component-view-encapsulation): Using `ViewEncapsulation.None` makes your styles global, which may have an unintended effect
   ╭─[use_component_view_encapsulation.tsx:3:42]
 2 │       @Component({
 3 │         encapsulation: ViewEncapsulation.None,
   ·                                          ────
 4 │         selector: 'app-foo-bar',
   ╰────
  help: Remove `ViewEncapsulation.None`

  ⚠ angular(use-component-view-encapsulation): Using `ViewEncapsulation.None` makes your styles global, which may have an unintended effect
   ╭─[use_component_view_encapsulation.tsx:7:44]
 6 │         selector: 'app-foo-bar',
 7 │         'encapsulation': ViewEncapsulation.None
   ·                                            ────
 8 │       })
   ╰────
  help: Remove `ViewEncapsulation.None`

  ⚠ angular(use-component-view-encapsulation): Using `ViewEncapsulation.None` makes your styles global, which may have an unintended effect
   ╭─[use_component_view_encapsulation.tsx:7:46]
 6 │         selector: 'app-foo-bar',
 7 │         ['encapsulation']: ViewEncapsulation.None
   ·                                              ────
 8 │       })
   ╰────
  help: Remove `ViewEncapsulation.None`

  ⚠ angular(use-component-view-encapsulation): Using `ViewEncapsulation.None` makes your styles global, which may have an unintended effect
   ╭─[use_component_view_encapsulation.tsx:7:46]
 6 │         selector: 'app-foo-bar',
 7 │         [`encapsulation`]: ViewEncapsulation.None
   ·                                              ────
 8 │       })
   ╰────
  help: Remove `ViewEncapsulation.None`
