---
source: crates/oxc_linter/src/tester.rs
---

  ⚠ angular(prefer-standalone): Component should use standalone architecture
   ╭─[prefer_standalone.tsx:3:58]
 2 │         import { Component } from '@angular/core';
 3 │         @Component({ selector: 'app-test', template: '', standalone: false })
   ·                                                          ─────────────────
 4 │         class TestComponent {}
   ╰────
  help: Remove `standalone: false` to use standalone components. In Angular 20, components are standalone by default. See https://angular.dev/guide/components/importing for migration guidance.

  ⚠ angular(prefer-standalone): Component should use standalone architecture
   ╭─[prefer_standalone.tsx:3:45]
 2 │         import { Directive } from '@angular/core';
 3 │         @Directive({ selector: '[appTest]', standalone: false })
   ·                                             ─────────────────
 4 │         class TestDirective {}
   ╰────
  help: Remove `standalone: false` to use standalone components. In Angular 20, components are standalone by default. See https://angular.dev/guide/components/importing for migration guidance.

  ⚠ angular(prefer-standalone): Component should use standalone architecture
   ╭─[prefer_standalone.tsx:7:13]
 6 │             styleUrls: ['./test.css'],
 7 │             standalone: false
   ·             ─────────────────
 8 │         })
   ╰────
  help: Remove `standalone: false` to use standalone components. In Angular 20, components are standalone by default. See https://angular.dev/guide/components/importing for migration guidance.

  ⚠ angular(prefer-standalone): Component should use standalone architecture
   ╭─[prefer_standalone.tsx:7:13]
 6 │             providers: [],
 7 │             standalone: false
   ·             ─────────────────
 8 │         })
   ╰────
  help: Remove `standalone: false` to use standalone components. In Angular 20, components are standalone by default. See https://angular.dev/guide/components/importing for migration guidance.

  ⚠ angular(prefer-standalone): Component should use standalone architecture
   ╭─[prefer_standalone.tsx:5:13]
 4 │             selector: '[appHighlight]',
 5 │             standalone: false
   ·             ─────────────────
 6 │         })
   ╰────
  help: Remove `standalone: false` to use standalone components. In Angular 20, components are standalone by default. See https://angular.dev/guide/components/importing for migration guidance.

  ⚠ angular(prefer-standalone): Component should use standalone architecture
   ╭─[prefer_standalone.tsx:5:13]
 4 │             name: 'testPipe',
 5 │             standalone: false
   ·             ─────────────────
 6 │         })
   ╰────
  help: Remove `standalone: false` to use standalone components. In Angular 20, components are standalone by default. See https://angular.dev/guide/components/importing for migration guidance.

  ⚠ angular(prefer-standalone): Component should use standalone architecture
   ╭─[prefer_standalone.tsx:6:13]
 5 │             pure: true,
 6 │             standalone: false
   ·             ─────────────────
 7 │         })
   ╰────
  help: Remove `standalone: false` to use standalone components. In Angular 20, components are standalone by default. See https://angular.dev/guide/components/importing for migration guidance.
