---
source: crates/oxc_linter/src/tester.rs
---

  ⚠ angular(consistent-component-styles): Use a `string` instead of a `string[]` for the `styles` property
   ╭─[consistent_component_styles.tsx:6:25]
 5 │                 template: '',
 6 │                 styles: ['.class { color: red; }']
   ·                         ──────────────────────────
 7 │             })
   ╰────
  help: Replace the array with a single string value

  ⚠ angular(consistent-component-styles): Use a `string` instead of a `string[]` for the `styles` property
   ╭─[consistent_component_styles.tsx:6:25]
 5 │                 template: '',
 6 │                 styles: ['.class { color: red; }']
   ·                         ──────────────────────────
 7 │             })
   ╰────
  help: Replace the array with a single string value

  ⚠ angular(consistent-component-styles): Use a `string[]` instead of a `string` for the `styles` property
   ╭─[consistent_component_styles.tsx:6:25]
 5 │                 template: '',
 6 │                 styles: '.class { color: red; }'
   ·                         ────────────────────────
 7 │             })
   ╰────
  help: Wrap the string in an array: `styles: ['css-here']`

  ⚠ angular(consistent-component-styles): Use a `string[]` instead of a `string` for the `styles` property
   ╭─[consistent_component_styles.tsx:6:25]
 5 │                 template: '',
 6 │                 styles: '.class { color: red; }'
   ·                         ────────────────────────
 7 │             })
   ╰────
  help: Wrap the string in an array: `styles: ['css-here']`

  ⚠ angular(consistent-component-styles): Use a `string` instead of a `string[]` for the `styles` property
   ╭─[consistent_component_styles.tsx:6:25]
 5 │                 template: '',
 6 │                 styles: [`.class { color: red; }`]
   ·                         ──────────────────────────
 7 │             })
   ╰────
  help: Replace the array with a single string value

  ⚠ angular(consistent-component-styles): Use a `string[]` instead of a `string` for the `styles` property
   ╭─[consistent_component_styles.tsx:6:25]
 5 │                 template: '',
 6 │                 styles: `.class { color: red; }`
   ·                         ────────────────────────
 7 │             })
   ╰────
  help: Wrap the string in an array: `styles: ['css-here']`

  ⚠ angular(consistent-component-styles): Use `styleUrl` instead of `styleUrls` for a single stylesheet
   ╭─[consistent_component_styles.tsx:6:17]
 5 │                 template: '',
 6 │                 styleUrls: ['./test.component.css']
   ·                 ───────────────────────────────────
 7 │             })
   ╰────
  help: Use `styleUrl: './style.css'` instead of `styleUrls: ['./style.css']`

  ⚠ angular(consistent-component-styles): Use `styleUrl` instead of `styleUrls` for a single stylesheet
   ╭─[consistent_component_styles.tsx:6:17]
 5 │                 template: '',
 6 │                 styleUrls: ['./test.component.css']
   ·                 ───────────────────────────────────
 7 │             })
   ╰────
  help: Use `styleUrl: './style.css'` instead of `styleUrls: ['./style.css']`

  ⚠ angular(consistent-component-styles): Use `styleUrls` instead of `styleUrl`
   ╭─[consistent_component_styles.tsx:6:17]
 5 │                 template: '',
 6 │                 styleUrl: './test.component.css'
   ·                 ────────────────────────────────
 7 │             })
   ╰────
  help: Use `styleUrls: ['./style.css']` instead of `styleUrl: './style.css'`

  ⚠ angular(consistent-component-styles): Use `styleUrls` instead of `styleUrl`
   ╭─[consistent_component_styles.tsx:6:17]
 5 │                 template: '',
 6 │                 styleUrl: `./test.component.css`
   ·                 ────────────────────────────────
 7 │             })
   ╰────
  help: Use `styleUrls: ['./style.css']` instead of `styleUrl: './style.css'`

  ⚠ angular(consistent-component-styles): Use `styleUrl` instead of `styleUrls` for a single stylesheet
   ╭─[consistent_component_styles.tsx:6:17]
 5 │                 template: '',
 6 │                 styleUrls: [`./test.component.css`]
   ·                 ───────────────────────────────────
 7 │             })
   ╰────
  help: Use `styleUrl: './style.css'` instead of `styleUrls: ['./style.css']`
