---
source: crates/oxc_linter/src/tester.rs
---

  ⚠ angular(no-output-on-prefix): Output bindings, including aliases, should not be named "on" or prefixed with it: `on`
   ╭─[no_output_on_prefix.tsx:3:23]
 2 │         @Component({
 3 │             outputs: ['on']
   ·                       ────
 4 │         })
   ╰────
  help: Remove the 'on' prefix from the output name. In Angular templates, outputs are already bound with (output) syntax which implies an event. Adding 'on' is redundant: (onClick)="handler()" becomes confusing.

  ⚠ angular(no-output-on-prefix): Output bindings, including aliases, should not be named "on" or prefixed with it: `test:on`
   ╭─[no_output_on_prefix.tsx:4:34]
 3 │             inputs: [onCredit],
 4 │             'outputs': [onLevel, `test: on`, onFunction()],
   ·                                  ──────────
 5 │         })
   ╰────
  help: Remove the 'on' prefix from the output name. In Angular templates, outputs are already bound with (output) syntax which implies an event. Adding 'on' is redundant: (onClick)="handler()" becomes confusing.

  ⚠ angular(no-output-on-prefix): Output bindings, including aliases, should not be named "on" or prefixed with it: `onTest:test`
   ╭─[no_output_on_prefix.tsx:3:27]
 2 │         @Component({
 3 │             ['outputs']: ['onTest: test', ...onArray],
   ·                           ──────────────
 4 │         })
   ╰────
  help: Remove the 'on' prefix from the output name. In Angular templates, outputs are already bound with (output) syntax which implies an event. Adding 'on' is redundant: (onClick)="handler()" becomes confusing.

  ⚠ angular(no-output-on-prefix): Output bindings, including aliases, should not be named "on" or prefixed with it: `onTest:test`
   ╭─[no_output_on_prefix.tsx:3:27]
 2 │         @Directive({
 3 │             [`outputs`]: ['onTest: test', ...onArray],
   ·                           ──────────────
 4 │         })
   ╰────
  help: Remove the 'on' prefix from the output name. In Angular templates, outputs are already bound with (output) syntax which implies an event. Adding 'on' is redundant: (onClick)="handler()" becomes confusing.

  ⚠ angular(no-output-on-prefix): Output bindings, including aliases, should not be named "on" or prefixed with it: `on`
   ╭─[no_output_on_prefix.tsx:4:23]
 3 │         class Test {
 4 │             @Output() on: EventEmitter<any> = new EventEmitter<{}>();
   ·                       ──
 5 │         }
   ╰────
  help: Remove the 'on' prefix from the output name. In Angular templates, outputs are already bound with (output) syntax which implies an event. Adding 'on' is redundant: (onClick)="handler()" becomes confusing.

  ⚠ angular(no-output-on-prefix): Output bindings, including aliases, should not be named "on" or prefixed with it: `on`
   ╭─[no_output_on_prefix.tsx:4:13]
 3 │         class Test {
 4 │             on = output();
   ·             ──
 5 │         }
   ╰────
  help: Remove the 'on' prefix from the output name. In Angular templates, outputs are already bound with (output) syntax which implies an event. Adding 'on' is redundant: (onClick)="handler()" becomes confusing.

  ⚠ angular(no-output-on-prefix): Output bindings, including aliases, should not be named "on" or prefixed with it: `onPrefix`
   ╭─[no_output_on_prefix.tsx:4:37]
 3 │         class Test {
 4 │             @Output() @Custom('on') 'onPrefix' = new EventEmitter<void>();
   ·                                     ──────────
 5 │         }
   ╰────
  help: Remove the 'on' prefix from the output name. In Angular templates, outputs are already bound with (output) syntax which implies an event. Adding 'on' is redundant: (onClick)="handler()" becomes confusing.

  ⚠ angular(no-output-on-prefix): Output bindings, including aliases, should not be named "on" or prefixed with it: `onPrefix`
   ╭─[no_output_on_prefix.tsx:4:13]
 3 │         class Test {
 4 │             'onPrefix' = output();
   ·             ──────────
 5 │         }
   ╰────
  help: Remove the 'on' prefix from the output name. In Angular templates, outputs are already bound with (output) syntax which implies an event. Adding 'on' is redundant: (onClick)="handler()" becomes confusing.

  ⚠ angular(no-output-on-prefix): Output bindings, including aliases, should not be named "on" or prefixed with it: `on`
   ╭─[no_output_on_prefix.tsx:4:31]
 3 │         class Test {
 4 │             @Custom() @Output(`on`) _on = getOutput();
   ·                               ────
 5 │         }
   ╰────
  help: Remove the 'on' prefix from the output name. In Angular templates, outputs are already bound with (output) syntax which implies an event. Adding 'on' is redundant: (onClick)="handler()" becomes confusing.

  ⚠ angular(no-output-on-prefix): Output bindings, including aliases, should not be named "on" or prefixed with it: `on`
   ╭─[no_output_on_prefix.tsx:4:35]
 3 │         class Test {
 4 │             _on = output({ alias: `on` });
   ·                                   ────
 5 │         }
   ╰────
  help: Remove the 'on' prefix from the output name. In Angular templates, outputs are already bound with (output) syntax which implies an event. Adding 'on' is redundant: (onClick)="handler()" becomes confusing.

  ⚠ angular(no-output-on-prefix): Output bindings, including aliases, should not be named "on" or prefixed with it: `onPrefix`
   ╭─[no_output_on_prefix.tsx:4:21]
 3 │         class Test {
 4 │             @Output('onPrefix') _on = (this.subject$ as Subject<{on: boolean}>).pipe();
   ·                     ──────────
 5 │         }
   ╰────
  help: Remove the 'on' prefix from the output name. In Angular templates, outputs are already bound with (output) syntax which implies an event. Adding 'on' is redundant: (onClick)="handler()" becomes confusing.

  ⚠ angular(no-output-on-prefix): Output bindings, including aliases, should not be named "on" or prefixed with it: `onPrefix`
   ╭─[no_output_on_prefix.tsx:4:35]
 3 │         class Test {
 4 │             _on = output({ alias: 'onPrefix' });
   ·                                   ──────────
 5 │         }
   ╰────
  help: Remove the 'on' prefix from the output name. In Angular templates, outputs are already bound with (output) syntax which implies an event. Adding 'on' is redundant: (onClick)="handler()" becomes confusing.

  ⚠ angular(no-output-on-prefix): Output bindings, including aliases, should not be named "on" or prefixed with it: `on-getter`
   ╭─[no_output_on_prefix.tsx:4:35]
 3 │         class Test {
 4 │             @Output('getter') get 'on-getter'() {}
   ·                                   ───────────
 5 │         }
   ╰────
  help: Remove the 'on' prefix from the output name. In Angular templates, outputs are already bound with (output) syntax which implies an event. Adding 'on' is redundant: (onClick)="handler()" becomes confusing.

  ⚠ angular(no-output-on-prefix): Output bindings, including aliases, should not be named "on" or prefixed with it: `onGetter`
   ╭─[no_output_on_prefix.tsx:4:21]
 3 │         class Test {
 4 │             @Output(`onGetter`) get getter() {}
   ·                     ──────────
 5 │         }
   ╰────
  help: Remove the 'on' prefix from the output name. In Angular templates, outputs are already bound with (output) syntax which implies an event. Adding 'on' is redundant: (onClick)="handler()" becomes confusing.

  ⚠ angular(no-output-on-prefix): Output bindings, including aliases, should not be named "on" or prefixed with it: `onPrefix`
   ╭─[no_output_on_prefix.tsx:4:27]
 3 │         class Test {
 4 │             @Output('on') onPrefix = this.getOutput();
   ·                           ────────
 5 │         }
   ╰────
  help: Remove the 'on' prefix from the output name. In Angular templates, outputs are already bound with (output) syntax which implies an event. Adding 'on' is redundant: (onClick)="handler()" becomes confusing.

  ⚠ angular(no-output-on-prefix): Output bindings, including aliases, should not be named "on" or prefixed with it: `on`
   ╭─[no_output_on_prefix.tsx:4:21]
 3 │         class Test {
 4 │             @Output('on') onPrefix = this.getOutput();
   ·                     ────
 5 │         }
   ╰────
  help: Remove the 'on' prefix from the output name. In Angular templates, outputs are already bound with (output) syntax which implies an event. Adding 'on' is redundant: (onClick)="handler()" becomes confusing.

  ⚠ angular(no-output-on-prefix): Output bindings, including aliases, should not be named "on" or prefixed with it: `onPrefix`
   ╭─[no_output_on_prefix.tsx:4:13]
 3 │         class Test {
 4 │             onPrefix = output({ alias: 'on' });
   ·             ────────
 5 │         }
   ╰────
  help: Remove the 'on' prefix from the output name. In Angular templates, outputs are already bound with (output) syntax which implies an event. Adding 'on' is redundant: (onClick)="handler()" becomes confusing.

  ⚠ angular(no-output-on-prefix): Output bindings, including aliases, should not be named "on" or prefixed with it: `on`
   ╭─[no_output_on_prefix.tsx:4:40]
 3 │         class Test {
 4 │             onPrefix = output({ alias: 'on' });
   ·                                        ────
 5 │         }
   ╰────
  help: Remove the 'on' prefix from the output name. In Angular templates, outputs are already bound with (output) syntax which implies an event. Adding 'on' is redundant: (onClick)="handler()" becomes confusing.
