---
source: crates/oxc_linter/src/tester.rs
---

  ⚠ angular(no-output-rename): Output bindings should not be aliased
   ╭─[no_output_rename.tsx:3:21]
 2 │         @Component({
 3 │           outputs: ['a: b']
   ·                     ──────
 4 │         })
   ╰────
  help: Avoid aliasing outputs as it can lead to confusion. Use the original property name or rename the property if the alias is more appropriate.

  ⚠ angular(no-output-rename): Output bindings should not be aliased
   ╭─[no_output_rename.tsx:4:33]
 3 │           inputs: ['abort'],
 4 │           'outputs': [boundary, `test: copy`],
   ·                                 ────────────
 5 │         })
   ╰────
  help: Avoid aliasing outputs as it can lead to confusion. Use the original property name or rename the property if the alias is more appropriate.

  ⚠ angular(no-output-rename): Output bindings should not be aliased
   ╭─[no_output_rename.tsx:3:25]
 2 │         @Component({
 3 │           ['outputs']: ['orientation: orientation'],
   ·                         ──────────────────────────
 4 │         })
   ╰────
  help: Avoid aliasing outputs as it can lead to confusion. Use the original property name or rename the property if the alias is more appropriate.

  ⚠ angular(no-output-rename): Output bindings should not be aliased
   ╭─[no_output_rename.tsx:3:25]
 2 │         @Directive({
 3 │           [`outputs`]: ['orientation: orientation'],
   ·                         ──────────────────────────
 4 │         })
   ╰────
  help: Avoid aliasing outputs as it can lead to confusion. Use the original property name or rename the property if the alias is more appropriate.

  ⚠ angular(no-output-rename): Output bindings should not be aliased
   ╭─[no_output_rename.tsx:4:29]
 3 │         class Test {
 4 │           @Custom() @Output(`change`) _change = getOutput();
   ·                             ────────
 5 │         }
   ╰────
  help: Avoid aliasing outputs as it can lead to confusion. Use the original property name or rename the property if the alias is more appropriate.

  ⚠ angular(no-output-rename): Output bindings should not be aliased
   ╭─[no_output_rename.tsx:4:37]
 3 │         class Test {
 4 │           _change = output({ alias: `change` });
   ·                                     ────────
 5 │         }
   ╰────
  help: Avoid aliasing outputs as it can lead to confusion. Use the original property name or rename the property if the alias is more appropriate.

  ⚠ angular(no-output-rename): Output bindings should not be aliased
   ╭─[no_output_rename.tsx:4:19]
 3 │         class Test {
 4 │           @Output('change') change = (this.subject$ as Subject<{blur: boolean}>).pipe();
   ·                   ────────
 5 │         }
   ╰────
  help: Avoid aliasing outputs as it can lead to confusion. Use the original property name or rename the property if the alias is more appropriate.

  ⚠ angular(no-output-rename): Output bindings should not be aliased
   ╭─[no_output_rename.tsx:4:36]
 3 │         class Test {
 4 │           change = output({ alias: 'change' });
   ·                                    ────────
 5 │         }
   ╰────
  help: Avoid aliasing outputs as it can lead to confusion. Use the original property name or rename the property if the alias is more appropriate.

  ⚠ angular(no-output-rename): Output bindings should not be aliased
   ╭─[no_output_rename.tsx:4:19]
 3 │         class Test {
 4 │           @Output(`devicechange`) get getter() {}
   ·                   ──────────────
 5 │ 
   ╰────
  help: Avoid aliasing outputs as it can lead to confusion. Use the original property name or rename the property if the alias is more appropriate.

  ⚠ angular(no-output-rename): Output bindings should not be aliased
   ╭─[no_output_rename.tsx:6:19]
 5 │         class Test {
 6 │           @Output('fooColor') colors: string;
   ·                   ──────────
 7 │         }
   ╰────
  help: Avoid aliasing outputs as it can lead to confusion. Use the original property name or rename the property if the alias is more appropriate.

  ⚠ angular(no-output-rename): Output bindings should not be aliased
   ╭─[no_output_rename.tsx:6:36]
 5 │         class Test {
 6 │           colors = output({ alias: 'fooColor' });
   ·                                    ──────────
 7 │         }
   ╰────
  help: Avoid aliasing outputs as it can lead to confusion. Use the original property name or rename the property if the alias is more appropriate.

  ⚠ angular(no-output-rename): Output bindings should not be aliased
   ╭─[no_output_rename.tsx:6:19]
 5 │         class Test {
 6 │           @Output('foocolor') color: string;
   ·                   ──────────
 7 │         }
   ╰────
  help: Avoid aliasing outputs as it can lead to confusion. Use the original property name or rename the property if the alias is more appropriate.

  ⚠ angular(no-output-rename): Output bindings should not be aliased
   ╭─[no_output_rename.tsx:6:35]
 5 │         class Test {
 6 │           color = output({ alias: 'foocolor' });
   ·                                   ──────────
 7 │         }
   ╰────
  help: Avoid aliasing outputs as it can lead to confusion. Use the original property name or rename the property if the alias is more appropriate.

  × Identifier `Test` has already been declared
   ╭─[no_output_rename.tsx:5:15]
 4 │         })
 5 │         class Test {}
   ·               ──┬─
   ·                 ╰── `Test` has already been declared here
 6 │ 
 7 │         @Injectable()
 8 │         class Test {
   ·               ──┬─
   ·                 ╰── It can not be redeclared here
 9 │           @Output('kebab-case') blur = this.getOutput();
   ╰────

  × Identifier `Test` has already been declared
   ╭─[no_output_rename.tsx:5:15]
 4 │         })
 5 │         class Test {}
   ·               ──┬─
   ·                 ╰── `Test` has already been declared here
 6 │ 
 7 │         @Injectable()
 8 │         class Test {
   ·               ──┬─
   ·                 ╰── It can not be redeclared here
 9 │           blur = output({ alias: 'kebab-case' });
   ╰────

  ⚠ angular(no-output-rename): Output bindings should not be aliased
   ╭─[no_output_rename.tsx:6:35]
 5 │         class Test {
 6 │           color = output({ alias: 'test', after: 'it' });
   ·                                   ──────
 7 │         }
   ╰────
  help: Avoid aliasing outputs as it can lead to confusion. Use the original property name or rename the property if the alias is more appropriate.

  ⚠ angular(no-output-rename): Output bindings should not be aliased
   ╭─[no_output_rename.tsx:6:49]
 5 │         class Test {
 6 │           color = output({ before: 'it', alias: 'test', });
   ·                                                 ──────
 7 │         }
   ╰────
  help: Avoid aliasing outputs as it can lead to confusion. Use the original property name or rename the property if the alias is more appropriate.

  ⚠ angular(no-output-rename): Output bindings should not be aliased
   ╭─[no_output_rename.tsx:6:49]
 5 │         class Test {
 6 │           color = output({ before: 'it', alias: 'test' });
   ·                                                 ──────
 7 │         }
   ╰────
  help: Avoid aliasing outputs as it can lead to confusion. Use the original property name or rename the property if the alias is more appropriate.

  ⚠ angular(no-output-rename): Output bindings should not be aliased
   ╭─[no_output_rename.tsx:6:49]
 5 │         class Test {
 6 │           color = output({ before: 'it', alias: 'test', after: 'it' });
   ·                                                 ──────
 7 │         }
   ╰────
  help: Avoid aliasing outputs as it can lead to confusion. Use the original property name or rename the property if the alias is more appropriate.
